/usr/lib/python3/dist-packages/setuptools/dist.py:744: SetuptoolsDeprecationWarning: Invalid dash-separated options
!!

        ********************************************************************************
        Usage of dash-separated 'script-dir' will not be supported in future
        versions. Please use the underscore name 'script_dir' instead.

        This deprecation is overdue, please update your project and remove deprecated
        calls to avoid build errors in the future.

        See https://setuptools.pypa.io/en/latest/userguide/declarative_config.html for details.
        ********************************************************************************

!!
  opt = self.warn_dash_deprecation(opt, section)
running develop
running egg_info
writing exam_robot.egg-info/PKG-INFO
writing dependency_links to exam_robot.egg-info/dependency_links.txt
writing entry points to exam_robot.egg-info/entry_points.txt
writing requirements to exam_robot.egg-info/requires.txt
writing top-level names to exam_robot.egg-info/top_level.txt
reading manifest file 'exam_robot.egg-info/SOURCES.txt'
writing manifest file 'exam_robot.egg-info/SOURCES.txt'
running build_ext
Creating /home/student/ros2_ws/install/exam_robot/lib/python3.12/site-packages/exam-robot.egg-link (link to .)
Installing battery_node script to /home/student/ros2_ws/install/exam_robot/lib/exam_robot
Installing distance_sensor script to /home/student/ros2_ws/install/exam_robot/lib/exam_robot
Installing robot_controller script to /home/student/ros2_ws/install/exam_robot/lib/exam_robot
Installing status_display script to /home/student/ros2_ws/install/exam_robot/lib/exam_robot

Installed /home/student/ros2_ws/build/exam_robot
running symlink_data
symbolically linking /home/student/ros2_ws/build/exam_robot/resource/exam_robot -> /home/student/ros2_ws/install/exam_robot/share/ament_index/resource_index/packages
symbolically linking /home/student/ros2_ws/build/exam_robot/package.xml -> /home/student/ros2_ws/install/exam_robot/share/exam_robot
creating /home/student/ros2_ws/install/exam_robot/share/exam_robot/launch
symbolically linking /home/student/ros2_ws/build/exam_robot/launch/robot_system.launch.py -> /home/student/ros2_ws/install/exam_robot/share/exam_robot/launch
creating /home/student/ros2_ws/install/exam_robot/share/exam_robot/urdf
symbolically linking /home/student/ros2_ws/build/exam_robot/urdf/exam_robot.urdf -> /home/student/ros2_ws/install/exam_robot/share/exam_robot/urdf
creating /home/student/ros2_ws/install/exam_robot/share/exam_robot/config
